python : Error processing line 1 of C:\Users\Lenov
o\AppData\Local\Packages\PythonSoftwareFoundation.
Python.3.13_qbz5n2kfra8p0\LocalCache\local-package
s\Python313\site-packages\distutils-precedence.pth
:
At line:1 char:1
+ python tests/test_forecasting.py > 
tests/test_output.txt 2>&1
+ ~~~~~~~~~~~~~~~~~~~~~~~~~~~~~~~~~~~~~~~~~~~~~~~~
~~~~~~~~~~~~~
    + CategoryInfo          : NotSpecified: 
(Error     processin...precedence.pth::String) 
[], RemoteE    xception
    + FullyQualifiedErrorId : NativeCommandError
 

  Traceback (most recent call last):
    File "<frozen site>", line 207, in addpackage
    File "<string>", line 1, in <module>
  ModuleNotFoundError: No module named 
'_distutils_hack'

Remainder of file ignored
Traceback (most recent call last):
  File "A:\PROJECTS\MTF_TRADING_SYSTEM\tests\test_
forecasting.py", line 5, in <module>
    from modules.forecasting import 
ForecastingAgent
  File "A:\PROJECTS\MTF_TRADING_SYSTEM\modules\for
ecasting.py", line 10, in <module>
    import yfinance as yf
ModuleNotFoundError: No module named 'yfinance'
